==3783== Helgrind, a thread error detector
==3783== Copyright (C) 2007-2017, and GNU GPL'd, by OpenWorks LLP et al.
==3783== Using Valgrind-3.16.1 and LibVEX; rerun with -h for copyright info
==3783== Command: ./ft_nmap --ip 172.28.0.10 --port 1-81 --scan UDP --retries 1 --speedup 20 --open
==3783== Parent PID: 3782
==3783== 
--3783-- warning: evaluate_Dwarf3_Expr: unhandled DW_OP_ 0xf3
--3783-- warning: evaluate_Dwarf3_Expr: unhandled DW_OP_ 0xf3
--3783-- warning: evaluate_Dwarf3_Expr: unhandled DW_OP_ 0xf3
--3783-- warning: evaluate_Dwarf3_Expr: unhandled DW_OP_ 0xf3
--3783-- warning: evaluate_Dwarf3_Expr: unhandled DW_OP_ 0xf3
--3783-- warning: evaluate_Dwarf3_Expr: unhandled DW_OP_ 0xf3
--3783-- warning: evaluate_Dwarf3_Expr: unhandled DW_OP_ 0xf3
--3783-- warning: evaluate_Dwarf3_Expr: unhandled DW_OP_ 0xf3
--3783-- warning: evaluate_Dwarf3_Expr: unhandled DW_OP_ 0xf3
--3783-- warning: evaluate_Dwarf3_Expr: unhandled DW_OP_ 0xf3
--3783-- warning: evaluate_Dwarf3_Expr: unhandled DW_OP_ 0xf3
--3783-- warning: evaluate_Dwarf3_Expr: unhandled DW_OP_ 0xf3
--3783-- warning: evaluate_Dwarf3_Expr: unhandled DW_OP_ 0xf3
--3783-- warning: evaluate_Dwarf3_Expr: unhandled DW_OP_ 0xf3
--3783-- warning: evaluate_Dwarf3_Expr: unhandled DW_OP_ 0xf3
--3783-- warning: evaluate_Dwarf3_Expr: unhandled DW_OP_ 0xf3
--3783-- warning: evaluate_Dwarf3_Expr: unhandled DW_OP_ 0xf3
--3783-- warning: evaluate_Dwarf3_Expr: unhandled DW_OP_ 0xf3
--3783-- warning: evaluate_Dwarf3_Expr: unhandled DW_OP_ 0xf3
--3783-- warning: evaluate_Dwarf3_Expr: unhandled DW_OP_ 0xf3
--3783-- warning: evaluate_Dwarf3_Expr: unhandled DW_OP_ 0xf3
--3783-- warning: evaluate_Dwarf3_Expr: unhandled DW_OP_ 0xf3
--3783-- warning: evaluate_Dwarf3_Expr: unhandled DW_OP_ 0xf3
--3783-- warning: evaluate_Dwarf3_Expr: unhandled DW_OP_ 0xf3
--3783-- warning: evaluate_Dwarf3_Expr: unhandled DW_OP_ 0xf3
--3783-- warning: evaluate_Dwarf3_Expr: unhandled DW_OP_ 0xf3
--3783-- warning: evaluate_Dwarf3_Expr: unhandled DW_OP_ 0xf3
--3783-- warning: evaluate_Dwarf3_Expr: unhandled DW_OP_ 0xf3
--3783-- warning: evaluate_Dwarf3_Expr: unhandled DW_OP_ 0xf3
--3783-- warning: evaluate_Dwarf3_Expr: unhandled DW_OP_ 0xf3
--3783-- warning: evaluate_Dwarf3_Expr: unhandled DW_OP_ 0xf3
--3783-- warning: evaluate_Dwarf3_Expr: unhandled DW_OP_ 0xf3
--3783-- warning: evaluate_Dwarf3_Expr: unhandled DW_OP_ 0xf3
--3783-- warning: evaluate_Dwarf3_Expr: unhandled DW_OP_ 0xf3
--3783-- warning: evaluate_Dwarf3_Expr: unhandled DW_OP_ 0xf3
--3783-- warning: evaluate_Dwarf3_Expr: unhandled DW_OP_ 0xf3
--3783-- warning: evaluate_Dwarf3_Expr: unhandled DW_OP_ 0xf3
--3783-- warning: evaluate_Dwarf3_Expr: unhandled DW_OP_ 0xf3
--3783-- warning: evaluate_Dwarf3_Expr: unhandled DW_OP_ 0xf3
--3783-- warning: evaluate_Dwarf3_Expr: unhandled DW_OP_ 0xf3
--3783-- warning: evaluate_Dwarf3_Expr: unhandled DW_OP_ 0xf3
--3783-- warning: evaluate_Dwarf3_Expr: unhandled DW_OP_ 0xf3
--3783-- warning: evaluate_Dwarf3_Expr: unhandled DW_OP_ 0xf3
--3783-- warning: evaluate_Dwarf3_Expr: unhandled DW_OP_ 0xf3
--3783-- warning: evaluate_Dwarf3_Expr: unhandled DW_OP_ 0xf3
--3783-- warning: evaluate_Dwarf3_Expr: unhandled DW_OP_ 0xf3
--3783-- warning: evaluate_Dwarf3_Expr: unhandled DW_OP_ 0xf3
--3783-- warning: evaluate_Dwarf3_Expr: unhandled DW_OP_ 0xf3
--3783-- warning: evaluate_Dwarf3_Expr: unhandled DW_OP_ 0xf3
--3783-- warning: evaluate_Dwarf3_Expr: unhandled DW_OP_ 0xf3
--3783-- warning: evaluate_Dwarf3_Expr: unhandled DW_OP_ 0xf3
--3783-- warning: evaluate_Dwarf3_Expr: unhandled DW_OP_ 0xf3
--3783-- warning: evaluate_Dwarf3_Expr: unhandled DW_OP_ 0xf3
--3783-- warning: evaluate_Dwarf3_Expr: unhandled DW_OP_ 0xf3
--3783-- warning: evaluate_Dwarf3_Expr: unhandled DW_OP_ 0xf3
--3783-- warning: evaluate_Dwarf3_Expr: unhandled DW_OP_ 0xf3
--3783-- warning: evaluate_Dwarf3_Expr: unhandled DW_OP_ 0xf3
--3783-- warning: evaluate_Dwarf3_Expr: unhandled DW_OP_ 0xf3
--3783-- warning: evaluate_Dwarf3_Expr: unhandled DW_OP_ 0xf3
--3783-- warning: evaluate_Dwarf3_Expr: unhandled DW_OP_ 0xf3
--3783-- warning: evaluate_Dwarf3_Expr: unhandled DW_OP_ 0xf3
--3783-- warning: evaluate_Dwarf3_Expr: unhandled DW_OP_ 0xf3
--3783-- warning: evaluate_Dwarf3_Expr: unhandled DW_OP_ 0xf3
--3783-- warning: evaluate_Dwarf3_Expr: unhandled DW_OP_ 0xf3
--3783-- warning: evaluate_Dwarf3_Expr: unhandled DW_OP_ 0xf3
--3783-- warning: evaluate_Dwarf3_Expr: unhandled DW_OP_ 0xf3
--3783-- warning: evaluate_Dwarf3_Expr: unhandled DW_OP_ 0xf3
--3783-- warning: evaluate_Dwarf3_Expr: unhandled DW_OP_ 0xf3
--3783-- warning: evaluate_Dwarf3_Expr: unhandled DW_OP_ 0xf3
--3783-- warning: evaluate_Dwarf3_Expr: unhandled DW_OP_ 0xf3
--3783-- warning: evaluate_Dwarf3_Expr: unhandled DW_OP_ 0xf3
--3783-- warning: evaluate_Dwarf3_Expr: unhandled DW_OP_ 0xf3
--3783-- warning: evaluate_Dwarf3_Expr: unhandled DW_OP_ 0xf3
--3783-- warning: evaluate_Dwarf3_Expr: unhandled DW_OP_ 0xf3
--3783-- warning: evaluate_Dwarf3_Expr: unhandled DW_OP_ 0xf3
--3783-- warning: evaluate_Dwarf3_Expr: unhandled DW_OP_ 0xf3
--3783-- warning: evaluate_Dwarf3_Expr: unhandled DW_OP_ 0xf3
--3783-- warning: evaluate_Dwarf3_Expr: unhandled DW_OP_ 0xf3
--3783-- warning: evaluate_Dwarf3_Expr: unhandled DW_OP_ 0xf3
--3783-- warning: evaluate_Dwarf3_Expr: unhandled DW_OP_ 0xf3
--3783-- warning: evaluate_Dwarf3_Expr: unhandled DW_OP_ 0xf3
--3783-- warning: evaluate_Dwarf3_Expr: unhandled DW_OP_ 0xf3
--3783-- warning: evaluate_Dwarf3_Expr: unhandled DW_OP_ 0xf3
--3783-- warning: evaluate_Dwarf3_Expr: unhandled DW_OP_ 0xf3
--3783-- warning: evaluate_Dwarf3_Expr: unhandled DW_OP_ 0xf3
==3783== 
==3783== Use --history-level=approx or =none to gain increased speed, at
==3783== the cost of reduced accuracy of conflicting-access information
==3783== For lists of detected and suppressed errors, rerun with: -s
==3783== ERROR SUMMARY: 0 errors from 0 contexts (suppressed: 6923 from 90)
