2401  16:28:29.546129 close(3)          = 0
2401  16:28:29.546349 close(3)          = 0
2401  16:28:29.546523 close(3)          = 0
2401  16:28:29.546710 close(3)          = 0
2401  16:28:29.546898 close(3)          = 0
2401  16:28:29.547099 close(3)          = 0
2401  16:28:29.547288 close(3)          = 0
2401  16:28:29.547492 close(3)          = 0
2401  16:28:29.547657 close(3)          = 0
2401  16:28:29.547841 close(3)          = 0
2401  16:28:29.548036 close(3)          = 0
2401  16:28:29.548249 close(3)          = 0
2401  16:28:29.548435 close(3)          = 0
2401  16:28:29.548643 close(3)          = 0
2401  16:28:29.548831 close(3)          = 0
2401  16:28:29.549006 close(3)          = 0
2401  16:28:29.549179 close(3)          = 0
2401  16:28:29.549349 close(3)          = 0
2401  16:28:29.549517 close(3)          = 0
2401  16:28:29.549731 close(3)          = 0
2401  16:28:29.549977 close(3)          = 0
2401  16:28:29.550165 close(3)          = 0
2401  16:28:29.550333 close(3)          = 0
2401  16:28:29.550519 close(3)          = 0
2401  16:28:29.550707 close(3)          = 0
2401  16:28:29.552743 close(3)          = 0
2401  16:28:29.552970 close(3)          = 0
2401  16:28:29.553268 socket(AF_UNIX, SOCK_STREAM|SOCK_CLOEXEC|SOCK_NONBLOCK, 0) = 4
2401  16:28:29.553327 close(4)          = 0
2401  16:28:29.553355 socket(AF_UNIX, SOCK_STREAM|SOCK_CLOEXEC|SOCK_NONBLOCK, 0) = 4
2401  16:28:29.553400 close(4)          = 0
2401  16:28:29.553511 close(4)          = 0
2401  16:28:29.553597 close(4)          = 0
2401  16:28:29.553788 close(4)          = 0
2401  16:28:29.553961 close(4)          = 0
2401  16:28:29.554239 close(4)          = 0
2401  16:28:29.571231 close(4)          = 0
2401  16:28:29.571599 close(4)          = 0
2401  16:28:29.571866 close(4)          = 0
2401  16:28:29.572118 socket(AF_NETLINK, SOCK_RAW, NETLINK_ROUTE) = 4
2401  16:28:29.572154 bind(4, {sa_family=AF_NETLINK, nl_pid=0, nl_groups=00000000}, 12) = 0
2401  16:28:29.572546 sendmsg(4, {msg_name={sa_family=AF_NETLINK, nl_pid=0, nl_groups=00000000}, msg_namelen=12, msg_iov=[{iov_base={{len=36, type=RTM_GETROUTE, flags=NLM_F_REQUEST, seq=0, pid=0}, {rtm_family=AF_INET, rtm_dst_len=32, rtm_src_len=0, rtm_tos=0, rtm_table=RT_TABLE_UNSPEC, rtm_protocol=RTPROT_UNSPEC, rtm_scope=RT_SCOPE_UNIVERSE, rtm_type=RTN_UNSPEC, rtm_flags=0}, {{nla_len=8, nla_type=RTA_DST}, inet_addr("172.28.0.10")}}, iov_len=36}], msg_iovlen=1, msg_controllen=0, msg_flags=0}, 0) = 36
2401  16:28:29.574876 close(4)          = 0
2401  16:28:29.574961 socket(AF_UNIX, SOCK_DGRAM|SOCK_CLOEXEC, 0) = 4
2401  16:28:29.575017 close(4)          = 0
2401  16:28:29.575052 socket(AF_INET, SOCK_DGRAM, IPPROTO_IP) = 4
2401  16:28:29.575087 setsockopt(4, SOL_SOCKET, SO_BROADCAST, [1], 4) = 0
2401  16:28:29.575225 socket(AF_UNIX, SOCK_DGRAM|SOCK_CLOEXEC, 0) = 6
2401  16:28:29.575280 close(6)          = 0
2401  16:28:29.575478 close(6)          = 0
2401  16:28:29.575516 socket(AF_UNIX, SOCK_DGRAM|SOCK_CLOEXEC, 0) = 6
2401  16:28:29.575570 close(6)          = 0
2401  16:28:29.575782 close(6)          = 0
2401  16:28:29.575821 socket(AF_UNIX, SOCK_DGRAM|SOCK_CLOEXEC, 0) = 6
2401  16:28:29.575876 close(6)          = 0
2401  16:28:29.576066 close(6)          = 0
2401  16:28:29.576101 socket(AF_UNIX, SOCK_DGRAM|SOCK_CLOEXEC, 0) = 6
2401  16:28:29.576154 close(6)          = 0
2401  16:28:29.576359 close(6)          = 0
2401  16:28:29.576396 socket(AF_UNIX, SOCK_DGRAM|SOCK_CLOEXEC, 0) = 6
2401  16:28:29.576450 close(6)          = 0
2401  16:28:29.576657 close(6)          = 0
2401  16:28:29.576692 socket(AF_UNIX, SOCK_DGRAM|SOCK_CLOEXEC, 0) = 6
2401  16:28:29.576745 close(6)          = 0
2401  16:28:29.576932 close(6)          = 0
2401  16:28:29.576986 close(5)          = 0
2401  16:28:29.577020 close(4)          = 0
2401  16:28:29.577156 close(4)          = 0
2401  16:28:29.577417 close(4)          = 0
2401  16:28:29.577940 close(4)          = 0
2401  16:28:29.577975 socket(AF_INET, SOCK_RAW, IPPROTO_RAW) = 4
2401  16:28:29.578020 setsockopt(4, SOL_SOCKET, SO_BROADCAST, [1], 4) = 0
2401  16:28:29.578055 setsockopt(4, SOL_IP, IP_HDRINCL, [1], 4) = 0
2401  16:28:29.578096 setsockopt(4, SOL_SOCKET, SO_BINDTODEVICE, [0], 4) = 0
2401  16:28:29.578141 socket(AF_NETLINK, SOCK_RAW, NETLINK_GENERIC) = 5
2401  16:28:29.578219 close(5)          = 0
2401  16:28:29.578275 socket(AF_PACKET, SOCK_RAW, htons(0 /* ETH_P_??? */)) = 6
2401  16:28:29.578424 bind(6, {sa_family=AF_PACKET, sll_protocol=htons(0 /* ETH_P_??? */), sll_ifindex=if_nametoindex("br-642d8199537e"), sll_hatype=ARPHRD_NETROM, sll_pkttype=PACKET_HOST, sll_halen=0}, 20) = 0
2401  16:28:29.578532 setsockopt(6, SOL_PACKET, PACKET_VERSION, [1], 4) = 0
2401  16:28:29.578568 setsockopt(6, SOL_PACKET, PACKET_RESERVE, [4], 4) = 0
2401  16:28:29.578659 setsockopt(6, SOL_PACKET, PACKET_RX_RING, 0x7ffe68206070, 28) = 0
2401  16:28:29.594410 bind(6, {sa_family=AF_PACKET, sll_protocol=htons(ETH_P_ALL), sll_ifindex=if_nametoindex("br-642d8199537e"), sll_hatype=ARPHRD_NETROM, sll_pkttype=PACKET_HOST, sll_halen=0}, 20) = 0
2401  16:28:29.594516 setsockopt(6, SOL_SOCKET, SO_ATTACH_FILTER, {len=1, filter=0x7f7db5194468}, 16) = 0
2401  16:28:29.594710 setsockopt(6, SOL_SOCKET, SO_ATTACH_FILTER, {len=13, filter=0x55b37bfd8960}, 16) = 0
2401  16:28:29.594867 sendto(4, "E\0\0(V>\0\0)\21\343C\254\34\0\1\254\34\0\n\242\221\0005\0\24\364\273\0\0\20\0"..., 40, 0, {sa_family=AF_INET, sin_port=htons(53), sin_addr=inet_addr("172.28.0.10")}, 16) = 40
2401  16:28:29.594948 sendto(4, "E\0\0\34\t\304\0\09\21\37\312\254\34\0\1\254\34\0\n\242\221\0E\0\10\4\304", 28, 0, {sa_family=AF_INET, sin_port=htons(69), sin_addr=inet_addr("172.28.0.10")}, 16) = 28
2401  16:28:29.594986 sendto(4, "E\0\0*\266\36\0\0:\21ra\254\34\0\1\254\34\0\n\242\221\0P\0\26\260A\r123"..., 42, 0, {sa_family=AF_INET, sin_port=htons(80), sin_addr=inet_addr("172.28.0.10")}, 16) = 42
2401  16:28:30.702846 sendto(4, "E\0\0\34\317\272\0\0003\21_\323\254\34\0\1\254\34\0\n\242\222\0E\0\10\4\303", 28, 0, {sa_family=AF_INET, sin_port=htons(69), sin_addr=inet_addr("172.28.0.10")}, 16) = 28
2401  16:28:30.835747 close(4)          = 0
2401  16:28:30.835878 setsockopt(6, SOL_PACKET, PACKET_RX_RING, {tp_block_size=0, tp_block_nr=0, tp_frame_size=0, tp_frame_nr=0}, 16) = -1 EBUSY (Périphérique ou ressource occupé)
2401  16:28:30.836133 close(5)          = 0
2401  16:28:30.836172 close(6)          = 0
2401  16:28:30.877744 close(3)          = 0
2401  16:28:30.879145 +++ exited with 0 +++
